#-----------------------------------------------------------
# Vivado v2020.1 (64-bit)
# SW Build 2902540 on Wed May 27 19:54:49 MDT 2020
# IP Build 2902112 on Wed May 27 22:43:36 MDT 2020
# Start of session at: Mon Oct 20 00:05:45 2025
# Process ID: 18196
# Current directory: C:/Users/tomas/escritorio/Universidad/SEP/Proyecto/SEP-Grupo17/Proyecto1
# Command line: vivado.exe -gui_launcher_event rodinguilauncherevent11412 C:\Users\tomas\escritorio\Universidad\SEP\Proyecto\SEP-Grupo17\Proyecto1\Proyecto1.xpr
# Log file: C:/Users/tomas/escritorio/Universidad/SEP/Proyecto/SEP-Grupo17/Proyecto1/vivado.log
# Journal file: C:/Users/tomas/escritorio/Universidad/SEP/Proyecto/SEP-Grupo17/Proyecto1\vivado.jou
#-----------------------------------------------------------
start_gui
open_project C:/Users/tomas/escritorio/Universidad/SEP/Proyecto/SEP-Grupo17/Proyecto1/Proyecto1.xpr
open_hw_manager
update_compile_order -fileset sources_1
connect_hw_server -allow_non_jtag
open_hw_target
set_property PROGRAM.FILE {C:/Users/tomas/escritorio/Universidad/SEP/Proyecto/SEP-Grupo17/Proyecto1/Proyecto1.runs/impl_1/GuitarSep_wrapper.bit} [get_hw_devices xc7z010_1]
set_property PROBES.FILE {C:/Users/tomas/escritorio/Universidad/SEP/Proyecto/SEP-Grupo17/Proyecto1/Proyecto1.runs/impl_1/GuitarSep_wrapper.ltx} [get_hw_devices xc7z010_1]
set_property FULL_PROBES.FILE {C:/Users/tomas/escritorio/Universidad/SEP/Proyecto/SEP-Grupo17/Proyecto1/Proyecto1.runs/impl_1/GuitarSep_wrapper.ltx} [get_hw_devices xc7z010_1]
current_hw_device [get_hw_devices xc7z010_1]
refresh_hw_device [lindex [get_hw_devices xc7z010_1] 0]
set_property PROBES.FILE {C:/Users/tomas/escritorio/Universidad/SEP/Proyecto/SEP-Grupo17/Proyecto1/Proyecto1.runs/impl_1/GuitarSep_wrapper.ltx} [get_hw_devices xc7z010_1]
set_property FULL_PROBES.FILE {C:/Users/tomas/escritorio/Universidad/SEP/Proyecto/SEP-Grupo17/Proyecto1/Proyecto1.runs/impl_1/GuitarSep_wrapper.ltx} [get_hw_devices xc7z010_1]
set_property PROGRAM.FILE {C:/Users/tomas/escritorio/Universidad/SEP/Proyecto/SEP-Grupo17/Proyecto1/Proyecto1.runs/impl_1/GuitarSep_wrapper.bit} [get_hw_devices xc7z010_1]
program_hw_devices [get_hw_devices xc7z010_1]
refresh_hw_device [lindex [get_hw_devices xc7z010_1] 0]
display_hw_ila_data [ get_hw_ila_data hw_ila_data_1 -of_objects [get_hw_ilas -of_objects [get_hw_devices xc7z010_1] -filter {CELL_NAME=~"GuitarSep_i/ila_full"}]]
display_hw_ila_data [ get_hw_ila_data hw_ila_data_2 -of_objects [get_hw_ilas -of_objects [get_hw_devices xc7z010_1] -filter {CELL_NAME=~"GuitarSep_i/ila_mem"}]]
save_wave_config {C:/Users/tomas/escritorio/Universidad/SEP/Proyecto/SEP-Grupo17/Proyecto1/Proyecto1.hw/hw_1/wave/hw_ila_data_1/hw_ila_data_1.wcfg}
save_wave_config {C:/Users/tomas/escritorio/Universidad/SEP/Proyecto/SEP-Grupo17/Proyecto1/Proyecto1.hw/hw_1/wave/hw_ila_data_2/hw_ila_data_2.wcfg}
