#-----------------------------------------------------------
# Vivado v2020.1 (64-bit)
# SW Build 2902540 on Wed May 27 19:54:49 MDT 2020
# IP Build 2902112 on Wed May 27 22:43:36 MDT 2020
# Start of session at: Wed Oct  1 09:04:46 2025
# Process ID: 21000
# Current directory: C:/Users/tomas/escritorio/Universidad/SEP/Proyecto/SEP-Grupo17/Proyecto1
# Command line: vivado.exe -gui_launcher_event rodinguilauncherevent17572 C:\Users\tomas\escritorio\Universidad\SEP\Proyecto\SEP-Grupo17\Proyecto1\Proyecto1.xpr
# Log file: C:/Users/tomas/escritorio/Universidad/SEP/Proyecto/SEP-Grupo17/Proyecto1/vivado.log
# Journal file: C:/Users/tomas/escritorio/Universidad/SEP/Proyecto/SEP-Grupo17/Proyecto1\vivado.jou
#-----------------------------------------------------------
start_gui
open_project C:/Users/tomas/escritorio/Universidad/SEP/Proyecto/SEP-Grupo17/Proyecto1/Proyecto1.xpr
update_compile_order -fileset sources_1
create_bd_design "GuitarSep"
update_compile_order -fileset sources_1
create_bd_cell -type module -reference Game_SM Game_SM_0
create_bd_cell -type module -reference ClockDivider ClockDivider_0
update_module_reference GuitarSep_ClockDivider_0_0
set_property location {0.5 -194 93} [get_bd_cells ClockDivider_0]
connect_bd_net [get_bd_pins Game_SM_0/clk] [get_bd_pins ClockDivider_0/clk_out]
undo
create_bd_cell -type module -reference MemorySequency MemorySequency_0
create_bd_cell -type module -reference Song_Selector Song_Selector_0
create_bd_cell -type module -reference ScoreDisplay ScoreDisplay_0
update_module_reference GuitarSep_Song_Selector_0_0
update_module_reference GuitarSep_MemorySequency_0_0
